Java HotSpot(TM) 64-Bit Server VM (25.201-b09) for windows-amd64 JRE (1.8.0_201-b09), built on Dec 15 2018 18:36:39 by "java_re" with MS VC++ 10.0 (VS2010)
Memory: 4k page, physical 16653520k(7280676k free), swap 33612340k(23748236k free)
CommandLine flags: -XX:InitialHeapSize=536870912 -XX:MaxHeapSize=536870912 -XX:MaxNewSize=178958336 -XX:MaxTenuringThreshold=6 -XX:NewSize=178958336 -XX:OldPLABSize=16 -XX:OldSize=357912576 -XX:+PrintGC -XX:+PrintGCDateStamps -XX:+PrintGCDetails -XX:+PrintGCTimeStamps -XX:+UseCompressedClassPointers -XX:+UseCompressedOops -XX:+UseConcMarkSweepGC -XX:-UseLargePagesIndividualAllocation -XX:+UseParNewGC 
2020-10-28T19:11:41.011+0800: 0.141: [GC (Allocation Failure) 2020-10-28T19:11:41.011+0800: 0.141: [ParNew: 139776K->17471K(157248K), 0.0198993 secs] 139776K->50119K(506816K), 0.0203158 secs] [Times: user=0.06 sys=0.00, real=0.02 secs] 
2020-10-28T19:11:41.049+0800: 0.180: [GC (Allocation Failure) 2020-10-28T19:11:41.049+0800: 0.180: [ParNew: 157247K->17472K(157248K), 0.0548984 secs] 189895K->89372K(506816K), 0.0549765 secs] [Times: user=0.19 sys=0.00, real=0.06 secs] 
2020-10-28T19:11:41.122+0800: 0.252: [GC (Allocation Failure) 2020-10-28T19:11:41.122+0800: 0.252: [ParNew: 157248K->17472K(157248K), 0.0148260 secs] 229148K->136619K(506816K), 0.0149372 secs] [Times: user=0.09 sys=0.00, real=0.01 secs] 
2020-10-28T19:11:41.153+0800: 0.283: [GC (Allocation Failure) 2020-10-28T19:11:41.153+0800: 0.283: [ParNew: 157016K->17471K(157248K), 0.0156066 secs] 276164K->180674K(506816K), 0.0156799 secs] [Times: user=0.06 sys=0.02, real=0.02 secs] 
2020-10-28T19:11:41.186+0800: 0.316: [GC (Allocation Failure) 2020-10-28T19:11:41.186+0800: 0.316: [ParNew: 157247K->17471K(157248K), 0.0163049 secs] 320450K->228164K(506816K), 0.0163788 secs] [Times: user=0.08 sys=0.02, real=0.02 secs] 
2020-10-28T19:11:41.202+0800: 0.333: [GC (CMS Initial Mark) [1 CMS-initial-mark: 210692K(349568K)] 228553K(506816K), 0.0002698 secs] [Times: user=0.02 sys=0.02, real=0.00 secs] 
2020-10-28T19:11:41.203+0800: 0.333: [CMS-concurrent-mark-start]
2020-10-28T19:11:41.204+0800: 0.334: [CMS-concurrent-mark: 0.001/0.001 secs] [Times: user=0.00 sys=0.00, real=0.00 secs] 
2020-10-28T19:11:41.204+0800: 0.334: [CMS-concurrent-preclean-start]
2020-10-28T19:11:41.205+0800: 0.335: [CMS-concurrent-preclean: 0.000/0.000 secs] [Times: user=0.00 sys=0.00, real=0.00 secs] 
2020-10-28T19:11:41.205+0800: 0.335: [CMS-concurrent-abortable-preclean-start]
2020-10-28T19:11:41.219+0800: 0.349: [GC (Allocation Failure) 2020-10-28T19:11:41.219+0800: 0.349: [ParNew: 157247K->17471K(157248K), 0.0150856 secs] 367940K->271922K(506816K), 0.0151682 secs] [Times: user=0.06 sys=0.03, real=0.01 secs] 
2020-10-28T19:11:41.249+0800: 0.379: [GC (Allocation Failure) 2020-10-28T19:11:41.249+0800: 0.379: [ParNew: 156889K->17471K(157248K), 0.0155871 secs] 411340K->319656K(506816K), 0.0156532 secs] [Times: user=0.08 sys=0.02, real=0.01 secs] 
2020-10-28T19:11:41.279+0800: 0.409: [GC (Allocation Failure) 2020-10-28T19:11:41.279+0800: 0.409: [ParNew: 157247K->157247K(157248K), 0.0000159 secs]2020-10-28T19:11:41.279+0800: 0.409: [CMS2020-10-28T19:11:41.279+0800: 0.409: [CMS-concurrent-abortable-preclean: 0.002/0.074 secs] [Times: user=0.19 sys=0.05, real=0.07 secs] 
 (concurrent mode failure): 302185K->244464K(349568K), 0.0302632 secs] 459432K->244464K(506816K), [Metaspace: 2628K->2628K(1056768K)], 0.0303527 secs] [Times: user=0.03 sys=0.00, real=0.03 secs] 
2020-10-28T19:11:41.325+0800: 0.455: [GC (Allocation Failure) 2020-10-28T19:11:41.325+0800: 0.455: [ParNew: 139776K->17470K(157248K), 0.0058100 secs] 384240K->287391K(506816K), 0.0059110 secs] [Times: user=0.09 sys=0.00, real=0.01 secs] 
2020-10-28T19:11:41.332+0800: 0.462: [GC (CMS Initial Mark) [1 CMS-initial-mark: 269920K(349568K)] 290886K(506816K), 0.0007515 secs] [Times: user=0.00 sys=0.00, real=0.00 secs] 
2020-10-28T19:11:41.332+0800: 0.463: [CMS-concurrent-mark-start]
2020-10-28T19:11:41.334+0800: 0.464: [CMS-concurrent-mark: 0.001/0.001 secs] [Times: user=0.00 sys=0.00, real=0.00 secs] 
2020-10-28T19:11:41.334+0800: 0.464: [CMS-concurrent-preclean-start]
2020-10-28T19:11:41.334+0800: 0.464: [CMS-concurrent-preclean: 0.000/0.000 secs] [Times: user=0.00 sys=0.00, real=0.00 secs] 
2020-10-28T19:11:41.334+0800: 0.464: [CMS-concurrent-abortable-preclean-start]
2020-10-28T19:11:41.349+0800: 0.479: [GC (Allocation Failure) 2020-10-28T19:11:41.349+0800: 0.479: [ParNew: 157217K->17470K(157248K), 0.0103903 secs] 427138K->333556K(506816K), 0.0104867 secs] [Times: user=0.09 sys=0.00, real=0.01 secs] 
2020-10-28T19:11:41.373+0800: 0.503: [GC (Allocation Failure) 2020-10-28T19:11:41.373+0800: 0.503: [ParNew: 157171K->157171K(157248K), 0.0000153 secs]2020-10-28T19:11:41.373+0800: 0.503: [CMS2020-10-28T19:11:41.373+0800: 0.503: [CMS-concurrent-abortable-preclean: 0.001/0.039 secs] [Times: user=0.11 sys=0.00, real=0.04 secs] 
 (concurrent mode failure): 316085K->291704K(349568K), 0.0356775 secs] 473257K->291704K(506816K), [Metaspace: 2628K->2628K(1056768K)], 0.0358274 secs] [Times: user=0.05 sys=0.00, real=0.04 secs] 
2020-10-28T19:11:41.424+0800: 0.554: [GC (Allocation Failure) 2020-10-28T19:11:41.424+0800: 0.554: [ParNew: 139693K->17470K(157248K), 0.0064362 secs] 431398K->337279K(506816K), 0.0065221 secs] [Times: user=0.00 sys=0.00, real=0.01 secs] 
2020-10-28T19:11:41.430+0800: 0.560: [GC (CMS Initial Mark) [1 CMS-initial-mark: 319808K(349568K)] 338035K(506816K), 0.0001421 secs] [Times: user=0.00 sys=0.00, real=0.00 secs] 
2020-10-28T19:11:41.431+0800: 0.561: [CMS-concurrent-mark-start]
2020-10-28T19:11:41.432+0800: 0.562: [CMS-concurrent-mark: 0.001/0.001 secs] [Times: user=0.00 sys=0.00, real=0.00 secs] 
2020-10-28T19:11:41.432+0800: 0.562: [CMS-concurrent-preclean-start]
2020-10-28T19:11:41.432+0800: 0.562: [CMS-concurrent-preclean: 0.000/0.000 secs] [Times: user=0.00 sys=0.00, real=0.00 secs] 
2020-10-28T19:11:41.432+0800: 0.562: [CMS-concurrent-abortable-preclean-start]
2020-10-28T19:11:41.432+0800: 0.562: [CMS-concurrent-abortable-preclean: 0.000/0.000 secs] [Times: user=0.00 sys=0.00, real=0.00 secs] 
2020-10-28T19:11:41.432+0800: 0.563: [GC (CMS Final Remark) [YG occupancy: 34971 K (157248 K)]2020-10-28T19:11:41.433+0800: 0.563: [Rescan (parallel) , 0.0004759 secs]2020-10-28T19:11:41.433+0800: 0.563: [weak refs processing, 0.0000099 secs]2020-10-28T19:11:41.433+0800: 0.563: [class unloading, 0.0001737 secs]2020-10-28T19:11:41.433+0800: 0.563: [scrub symbol table, 0.0002731 secs]2020-10-28T19:11:41.433+0800: 0.564: [scrub string table, 0.0001674 secs][1 CMS-remark: 319808K(349568K)] 354780K(506816K), 0.0011841 secs] [Times: user=0.00 sys=0.00, real=0.00 secs] 
2020-10-28T19:11:41.434+0800: 0.564: [CMS-concurrent-sweep-start]
2020-10-28T19:11:41.434+0800: 0.564: [CMS-concurrent-sweep: 0.000/0.000 secs] [Times: user=0.00 sys=0.00, real=0.00 secs] 
2020-10-28T19:11:41.434+0800: 0.564: [CMS-concurrent-reset-start]
2020-10-28T19:11:41.435+0800: 0.565: [CMS-concurrent-reset: 0.000/0.000 secs] [Times: user=0.00 sys=0.00, real=0.00 secs] 
2020-10-28T19:11:41.446+0800: 0.576: [GC (Allocation Failure) 2020-10-28T19:11:41.446+0800: 0.577: [ParNew: 157246K->17470K(157248K), 0.0086227 secs] 441702K->344825K(506816K), 0.0086948 secs] [Times: user=0.06 sys=0.00, real=0.01 secs] 
2020-10-28T19:11:41.455+0800: 0.585: [GC (CMS Initial Mark) [1 CMS-initial-mark: 327354K(349568K)] 345209K(506816K), 0.0002172 secs] [Times: user=0.00 sys=0.00, real=0.00 secs] 
2020-10-28T19:11:41.455+0800: 0.586: [CMS-concurrent-mark-start]
2020-10-28T19:11:41.457+0800: 0.587: [CMS-concurrent-mark: 0.001/0.001 secs] [Times: user=0.00 sys=0.00, real=0.00 secs] 
2020-10-28T19:11:41.457+0800: 0.587: [CMS-concurrent-preclean-start]
2020-10-28T19:11:41.457+0800: 0.587: [CMS-concurrent-preclean: 0.000/0.000 secs] [Times: user=0.00 sys=0.00, real=0.00 secs] 
2020-10-28T19:11:41.457+0800: 0.587: [CMS-concurrent-abortable-preclean-start]
2020-10-28T19:11:41.457+0800: 0.587: [CMS-concurrent-abortable-preclean: 0.000/0.000 secs] [Times: user=0.00 sys=0.00, real=0.00 secs] 
2020-10-28T19:11:41.458+0800: 0.588: [GC (CMS Final Remark) [YG occupancy: 38533 K (157248 K)]2020-10-28T19:11:41.458+0800: 0.588: [Rescan (parallel) , 0.0006027 secs]2020-10-28T19:11:41.458+0800: 0.588: [weak refs processing, 0.0000108 secs]2020-10-28T19:11:41.458+0800: 0.588: [class unloading, 0.0001746 secs]2020-10-28T19:11:41.458+0800: 0.588: [scrub symbol table, 0.0003299 secs]2020-10-28T19:11:41.459+0800: 0.589: [scrub string table, 0.0000901 secs][1 CMS-remark: 327354K(349568K)] 365887K(506816K), 0.0012812 secs] [Times: user=0.00 sys=0.00, real=0.00 secs] 
2020-10-28T19:11:41.459+0800: 0.589: [CMS-concurrent-sweep-start]
2020-10-28T19:11:41.460+0800: 0.590: [CMS-concurrent-sweep: 0.001/0.001 secs] [Times: user=0.00 sys=0.00, real=0.00 secs] 
2020-10-28T19:11:41.460+0800: 0.590: [CMS-concurrent-reset-start]
2020-10-28T19:11:41.460+0800: 0.590: [CMS-concurrent-reset: 0.000/0.000 secs] [Times: user=0.00 sys=0.00, real=0.00 secs] 
2020-10-28T19:11:41.473+0800: 0.604: [GC (Allocation Failure) 2020-10-28T19:11:41.473+0800: 0.604: [ParNew: 157164K->157164K(157248K), 0.0000156 secs]2020-10-28T19:11:41.473+0800: 0.604: [CMS: 293727K->318763K(349568K), 0.0416576 secs] 450891K->318763K(506816K), [Metaspace: 2628K->2628K(1056768K)], 0.0417402 secs] [Times: user=0.05 sys=0.00, real=0.04 secs] 
2020-10-28T19:11:41.515+0800: 0.645: [GC (CMS Initial Mark) [1 CMS-initial-mark: 318763K(349568K)] 321639K(506816K), 0.0002419 secs] [Times: user=0.00 sys=0.00, real=0.00 secs] 
2020-10-28T19:11:41.516+0800: 0.646: [CMS-concurrent-mark-start]
2020-10-28T19:11:41.517+0800: 0.647: [CMS-concurrent-mark: 0.001/0.001 secs] [Times: user=0.00 sys=0.00, real=0.00 secs] 
2020-10-28T19:11:41.517+0800: 0.647: [CMS-concurrent-preclean-start]
2020-10-28T19:11:41.517+0800: 0.647: [CMS-concurrent-preclean: 0.000/0.000 secs] [Times: user=0.00 sys=0.00, real=0.00 secs] 
2020-10-28T19:11:41.517+0800: 0.647: [CMS-concurrent-abortable-preclean-start]
2020-10-28T19:11:41.530+0800: 0.661: [GC (Allocation Failure) 2020-10-28T19:11:41.531+0800: 0.661: [ParNew: 139776K->139776K(157248K), 0.0000168 secs]2020-10-28T19:11:41.531+0800: 0.661: [CMS2020-10-28T19:11:41.531+0800: 0.661: [CMS-concurrent-abortable-preclean: 0.000/0.013 secs] [Times: user=0.01 sys=0.00, real=0.01 secs] 
 (concurrent mode failure): 318763K->329004K(349568K), 0.0409332 secs] 458539K->329004K(506816K), [Metaspace: 2628K->2628K(1056768K)], 0.0410330 secs] [Times: user=0.03 sys=0.00, real=0.04 secs] 
2020-10-28T19:11:41.587+0800: 0.717: [GC (Allocation Failure) 2020-10-28T19:11:41.587+0800: 0.717: [ParNew: 139776K->139776K(157248K), 0.0000153 secs]2020-10-28T19:11:41.587+0800: 0.717: [CMS: 329004K->334862K(349568K), 0.0410825 secs] 468780K->334862K(506816K), [Metaspace: 2628K->2628K(1056768K)], 0.0411631 secs] [Times: user=0.05 sys=0.00, real=0.04 secs] 
2020-10-28T19:11:41.628+0800: 0.758: [GC (CMS Initial Mark) [1 CMS-initial-mark: 334862K(349568K)] 335150K(506816K), 0.0001598 secs] [Times: user=0.00 sys=0.00, real=0.00 secs] 
2020-10-28T19:11:41.628+0800: 0.758: [CMS-concurrent-mark-start]
2020-10-28T19:11:41.629+0800: 0.759: [CMS-concurrent-mark: 0.001/0.001 secs] [Times: user=0.00 sys=0.00, real=0.00 secs] 
2020-10-28T19:11:41.629+0800: 0.759: [CMS-concurrent-preclean-start]
2020-10-28T19:11:41.630+0800: 0.760: [CMS-concurrent-preclean: 0.000/0.000 secs] [Times: user=0.00 sys=0.00, real=0.00 secs] 
2020-10-28T19:11:41.630+0800: 0.760: [CMS-concurrent-abortable-preclean-start]
2020-10-28T19:11:41.643+0800: 0.773: [GC (Allocation Failure) 2020-10-28T19:11:41.643+0800: 0.773: [ParNew: 139325K->139325K(157248K), 0.0000147 secs]2020-10-28T19:11:41.643+0800: 0.773: [CMS2020-10-28T19:11:41.643+0800: 0.773: [CMS-concurrent-abortable-preclean: 0.000/0.014 secs] [Times: user=0.01 sys=0.00, real=0.01 secs] 
 (concurrent mode failure): 334862K->338225K(349568K), 0.0408632 secs] 474188K->338225K(506816K), [Metaspace: 2628K->2628K(1056768K)], 0.0409494 secs] [Times: user=0.03 sys=0.00, real=0.04 secs] 
2020-10-28T19:11:41.698+0800: 0.828: [GC (Allocation Failure) 2020-10-28T19:11:41.698+0800: 0.828: [ParNew: 139602K->139602K(157248K), 0.0000147 secs]2020-10-28T19:11:41.698+0800: 0.829: [CMS: 338225K->343777K(349568K), 0.0419749 secs] 477828K->343777K(506816K), [Metaspace: 2628K->2628K(1056768K)], 0.0420665 secs] [Times: user=0.05 sys=0.00, real=0.04 secs] 
2020-10-28T19:11:41.741+0800: 0.871: [GC (CMS Initial Mark) [1 CMS-initial-mark: 343777K(349568K)] 344000K(506816K), 0.0004756 secs] [Times: user=0.00 sys=0.00, real=0.00 secs] 
2020-10-28T19:11:41.741+0800: 0.871: [CMS-concurrent-mark-start]
2020-10-28T19:11:41.742+0800: 0.873: [CMS-concurrent-mark: 0.001/0.001 secs] [Times: user=0.00 sys=0.00, real=0.00 secs] 
2020-10-28T19:11:41.743+0800: 0.873: [CMS-concurrent-preclean-start]
2020-10-28T19:11:41.743+0800: 0.873: [CMS-concurrent-preclean: 0.000/0.000 secs] [Times: user=0.00 sys=0.00, real=0.00 secs] 
2020-10-28T19:11:41.743+0800: 0.873: [CMS-concurrent-abortable-preclean-start]
2020-10-28T19:11:41.743+0800: 0.873: [CMS-concurrent-abortable-preclean: 0.000/0.000 secs] [Times: user=0.00 sys=0.00, real=0.00 secs] 
2020-10-28T19:11:41.743+0800: 0.873: [GC (CMS Final Remark) [YG occupancy: 20426 K (157248 K)]2020-10-28T19:11:41.743+0800: 0.873: [Rescan (parallel) , 0.0003678 secs]2020-10-28T19:11:41.744+0800: 0.874: [weak refs processing, 0.0000240 secs]2020-10-28T19:11:41.744+0800: 0.874: [class unloading, 0.0002347 secs]2020-10-28T19:11:41.744+0800: 0.874: [scrub symbol table, 0.0002737 secs]2020-10-28T19:11:41.744+0800: 0.874: [scrub string table, 0.0000904 secs][1 CMS-remark: 343777K(349568K)] 364204K(506816K), 0.0010624 secs] [Times: user=0.00 sys=0.00, real=0.00 secs] 
2020-10-28T19:11:41.744+0800: 0.874: [CMS-concurrent-sweep-start]
2020-10-28T19:11:41.745+0800: 0.875: [CMS-concurrent-sweep: 0.000/0.000 secs] [Times: user=0.00 sys=0.00, real=0.00 secs] 
2020-10-28T19:11:41.745+0800: 0.875: [CMS-concurrent-reset-start]
2020-10-28T19:11:41.745+0800: 0.875: [CMS-concurrent-reset: 0.000/0.000 secs] [Times: user=0.00 sys=0.00, real=0.00 secs] 
2020-10-28T19:11:41.758+0800: 0.888: [GC (Allocation Failure) 2020-10-28T19:11:41.758+0800: 0.888: [ParNew: 139157K->139157K(157248K), 0.0000150 secs]2020-10-28T19:11:41.758+0800: 0.888: [CMS: 343775K->346017K(349568K), 0.0419692 secs] 482932K->346017K(506816K), [Metaspace: 2628K->2628K(1056768K)], 0.0420641 secs] [Times: user=0.05 sys=0.00, real=0.04 secs] 
2020-10-28T19:11:41.800+0800: 0.930: [GC (CMS Initial Mark) [1 CMS-initial-mark: 346017K(349568K)] 346773K(506816K), 0.0002908 secs] [Times: user=0.00 sys=0.00, real=0.00 secs] 
2020-10-28T19:11:41.801+0800: 0.931: [CMS-concurrent-mark-start]
2020-10-28T19:11:41.802+0800: 0.932: [CMS-concurrent-mark: 0.001/0.001 secs] [Times: user=0.00 sys=0.00, real=0.00 secs] 
2020-10-28T19:11:41.802+0800: 0.932: [CMS-concurrent-preclean-start]
2020-10-28T19:11:41.802+0800: 0.932: [CMS-concurrent-preclean: 0.000/0.000 secs] [Times: user=0.00 sys=0.00, real=0.00 secs] 
2020-10-28T19:11:41.802+0800: 0.932: [CMS-concurrent-abortable-preclean-start]
2020-10-28T19:11:41.802+0800: 0.932: [CMS-concurrent-abortable-preclean: 0.000/0.000 secs] [Times: user=0.00 sys=0.00, real=0.00 secs] 
2020-10-28T19:11:41.802+0800: 0.933: [GC (CMS Final Remark) [YG occupancy: 17174 K (157248 K)]2020-10-28T19:11:41.803+0800: 0.933: [Rescan (parallel) , 0.0003371 secs]2020-10-28T19:11:41.803+0800: 0.933: [weak refs processing, 0.0000090 secs]2020-10-28T19:11:41.803+0800: 0.933: [class unloading, 0.0002299 secs]2020-10-28T19:11:41.803+0800: 0.933: [scrub symbol table, 0.0002518 secs]2020-10-28T19:11:41.803+0800: 0.933: [scrub string table, 0.0000802 secs][1 CMS-remark: 346017K(349568K)] 363192K(506816K), 0.0009783 secs] [Times: user=0.00 sys=0.00, real=0.00 secs] 
2020-10-28T19:11:41.804+0800: 0.934: [CMS-concurrent-sweep-start]
2020-10-28T19:11:41.804+0800: 0.934: [CMS-concurrent-sweep: 0.000/0.000 secs] [Times: user=0.00 sys=0.00, real=0.00 secs] 
2020-10-28T19:11:41.804+0800: 0.934: [CMS-concurrent-reset-start]
2020-10-28T19:11:41.804+0800: 0.934: [CMS-concurrent-reset: 0.000/0.000 secs] [Times: user=0.00 sys=0.00, real=0.00 secs] 
2020-10-28T19:11:41.817+0800: 0.947: [GC (Allocation Failure) 2020-10-28T19:11:41.817+0800: 0.947: [ParNew: 139607K->139607K(157248K), 0.0000216 secs]2020-10-28T19:11:41.817+0800: 0.947: [CMS: 344788K->349268K(349568K), 0.0450033 secs] 484395K->354176K(506816K), [Metaspace: 2628K->2628K(1056768K)], 0.0451526 secs] [Times: user=0.05 sys=0.00, real=0.05 secs] 
2020-10-28T19:11:41.863+0800: 0.993: [GC (CMS Initial Mark) [1 CMS-initial-mark: 349268K(349568K)] 357417K(506816K), 0.0006220 secs] [Times: user=0.00 sys=0.00, real=0.00 secs] 
2020-10-28T19:11:41.863+0800: 0.994: [CMS-concurrent-mark-start]
2020-10-28T19:11:41.865+0800: 0.995: [CMS-concurrent-mark: 0.001/0.001 secs] [Times: user=0.00 sys=0.00, real=0.00 secs] 
2020-10-28T19:11:41.865+0800: 0.995: [CMS-concurrent-preclean-start]
2020-10-28T19:11:41.866+0800: 0.996: [CMS-concurrent-preclean: 0.001/0.001 secs] [Times: user=0.00 sys=0.00, real=0.00 secs] 
2020-10-28T19:11:41.866+0800: 0.996: [CMS-concurrent-abortable-preclean-start]
2020-10-28T19:11:41.866+0800: 0.996: [CMS-concurrent-abortable-preclean: 0.000/0.000 secs] [Times: user=0.00 sys=0.00, real=0.00 secs] 
2020-10-28T19:11:41.866+0800: 0.996: [GC (CMS Final Remark) [YG occupancy: 26600 K (157248 K)]2020-10-28T19:11:41.866+0800: 0.996: [Rescan (parallel) , 0.0006526 secs]2020-10-28T19:11:41.867+0800: 0.997: [weak refs processing, 0.0000093 secs]2020-10-28T19:11:41.867+0800: 0.997: [class unloading, 0.0001616 secs]2020-10-28T19:11:41.867+0800: 0.997: [scrub symbol table, 0.0002509 secs]2020-10-28T19:11:41.867+0800: 0.997: [scrub string table, 0.0000814 secs][1 CMS-remark: 349268K(349568K)] 375868K(506816K), 0.0012220 secs] [Times: user=0.00 sys=0.00, real=0.00 secs] 
2020-10-28T19:11:41.867+0800: 0.997: [CMS-concurrent-sweep-start]
2020-10-28T19:11:41.868+0800: 0.998: [CMS-concurrent-sweep: 0.000/0.000 secs] [Times: user=0.00 sys=0.00, real=0.00 secs] 
2020-10-28T19:11:41.868+0800: 0.998: [CMS-concurrent-reset-start]
2020-10-28T19:11:41.868+0800: 0.998: [CMS-concurrent-reset: 0.000/0.000 secs] [Times: user=0.00 sys=0.00, real=0.00 secs] 
2020-10-28T19:11:41.884+0800: 1.014: [GC (Allocation Failure) 2020-10-28T19:11:41.884+0800: 1.014: [ParNew: 157242K->157242K(157248K), 0.0000174 secs]2020-10-28T19:11:41.884+0800: 1.014: [CMS: 349268K->349435K(349568K), 0.0457682 secs] 506510K->358089K(506816K), [Metaspace: 2628K->2628K(1056768K)], 0.0458626 secs] [Times: user=0.05 sys=0.00, real=0.05 secs] 
2020-10-28T19:11:41.930+0800: 1.060: [GC (CMS Initial Mark) [1 CMS-initial-mark: 349435K(349568K)] 360926K(506816K), 0.0005234 secs] [Times: user=0.00 sys=0.00, real=0.00 secs] 
2020-10-28T19:11:41.930+0800: 1.060: [CMS-concurrent-mark-start]
2020-10-28T19:11:41.932+0800: 1.062: [CMS-concurrent-mark: 0.002/0.002 secs] [Times: user=0.00 sys=0.00, real=0.00 secs] 
2020-10-28T19:11:41.932+0800: 1.062: [CMS-concurrent-preclean-start]
2020-10-28T19:11:41.933+0800: 1.063: [CMS-concurrent-preclean: 0.001/0.001 secs] [Times: user=0.00 sys=0.00, real=0.00 secs] 
2020-10-28T19:11:41.933+0800: 1.064: [CMS-concurrent-abortable-preclean-start]
2020-10-28T19:11:41.933+0800: 1.064: [CMS-concurrent-abortable-preclean: 0.000/0.000 secs] [Times: user=0.00 sys=0.00, real=0.00 secs] 
2020-10-28T19:11:41.934+0800: 1.064: [GC (CMS Final Remark) [YG occupancy: 36711 K (157248 K)]2020-10-28T19:11:41.934+0800: 1.064: [Rescan (parallel) , 0.0078090 secs]2020-10-28T19:11:41.942+0800: 1.072: [weak refs processing, 0.0000114 secs]2020-10-28T19:11:41.942+0800: 1.072: [class unloading, 0.0002037 secs]2020-10-28T19:11:41.942+0800: 1.072: [scrub symbol table, 0.0002758 secs]2020-10-28T19:11:41.942+0800: 1.072: [scrub string table, 0.0000916 secs][1 CMS-remark: 349435K(349568K)] 386146K(506816K), 0.0084610 secs] [Times: user=0.08 sys=0.00, real=0.01 secs] 
2020-10-28T19:11:41.942+0800: 1.072: [CMS-concurrent-sweep-start]
2020-10-28T19:11:41.943+0800: 1.073: [CMS-concurrent-sweep: 0.001/0.001 secs] [Times: user=0.00 sys=0.00, real=0.00 secs] 
2020-10-28T19:11:41.943+0800: 1.073: [CMS-concurrent-reset-start]
2020-10-28T19:11:41.943+0800: 1.073: [CMS-concurrent-reset: 0.000/0.000 secs] [Times: user=0.00 sys=0.00, real=0.00 secs] 
2020-10-28T19:11:41.957+0800: 1.087: [GC (Allocation Failure) 2020-10-28T19:11:41.957+0800: 1.087: [ParNew: 157082K->157082K(157248K), 0.0000165 secs]2020-10-28T19:11:41.957+0800: 1.087: [CMS: 348984K->349427K(349568K), 0.0453425 secs] 506066K->365148K(506816K), [Metaspace: 2628K->2628K(1056768K)], 0.0454431 secs] [Times: user=0.05 sys=0.00, real=0.05 secs] 
2020-10-28T19:11:42.014+0800: 1.144: [GC (CMS Initial Mark) [1 CMS-initial-mark: 349427K(349568K)] 365351K(506816K), 0.0004212 secs] [Times: user=0.00 sys=0.00, real=0.00 secs] 
2020-10-28T19:11:42.014+0800: 1.144: [CMS-concurrent-mark-start]
Heap
 par new generation   total 157248K, used 21507K [0x00000000e0000000, 0x00000000eaaa0000, 0x00000000eaaa0000)
  eden space 139776K,  15% used [0x00000000e0000000, 0x00000000e1500e10, 0x00000000e8880000)
  from space 17472K,   0% used [0x00000000e9990000, 0x00000000e9990000, 0x00000000eaaa0000)
  to   space 17472K,   0% used [0x00000000e8880000, 0x00000000e8880000, 0x00000000e9990000)
 concurrent mark-sweep generation total 349568K, used 349427K [0x00000000eaaa0000, 0x0000000100000000, 0x0000000100000000)
 Metaspace       used 2634K, capacity 4486K, committed 4864K, reserved 1056768K
  class space    used 291K, capacity 386K, committed 512K, reserved 1048576K
