Java HotSpot(TM) 64-Bit Server VM (25.201-b09) for windows-amd64 JRE (1.8.0_201-b09), built on Dec 15 2018 18:36:39 by "java_re" with MS VC++ 10.0 (VS2010)
Memory: 4k page, physical 16653520k(7273024k free), swap 33612340k(23740548k free)
CommandLine flags: -XX:InitialHeapSize=266456320 -XX:MaxHeapSize=4263301120 -XX:+PrintGC -XX:+PrintGCDateStamps -XX:+PrintGCDetails -XX:+PrintGCTimeStamps -XX:+UseCompressedClassPointers -XX:+UseCompressedOops -XX:-UseLargePagesIndividualAllocation -XX:+UseSerialGC 
2020-10-28T19:09:43.225+0800: 0.196: [GC (Allocation Failure) 2020-10-28T19:09:43.234+0800: 0.206: [DefNew: 69708K->8704K(78656K), 0.0421041 secs] 69708K->20331K(253440K), 0.0516756 secs] [Times: user=0.02 sys=0.00, real=0.05 secs] 
2020-10-28T19:09:43.293+0800: 0.264: [GC (Allocation Failure) 2020-10-28T19:09:43.293+0800: 0.264: [DefNew: 78289K->8703K(78656K), 0.0125984 secs] 89916K->43770K(253440K), 0.0126486 secs] [Times: user=0.02 sys=0.02, real=0.01 secs] 
2020-10-28T19:09:43.318+0800: 0.290: [GC (Allocation Failure) 2020-10-28T19:09:43.318+0800: 0.290: [DefNew: 78655K->8696K(78656K), 0.0115576 secs] 113722K->63915K(253440K), 0.0116072 secs] [Times: user=0.02 sys=0.00, real=0.01 secs] 
2020-10-28T19:09:43.342+0800: 0.313: [GC (Allocation Failure) 2020-10-28T19:09:43.342+0800: 0.313: [DefNew: 78648K->8699K(78656K), 0.0116715 secs] 133867K->85189K(253440K), 0.0117177 secs] [Times: user=0.01 sys=0.00, real=0.01 secs] 
2020-10-28T19:09:43.363+0800: 0.334: [GC (Allocation Failure) 2020-10-28T19:09:43.363+0800: 0.334: [DefNew: 78651K->8703K(78656K), 0.0136644 secs] 155141K->111009K(253440K), 0.0137119 secs] [Times: user=0.02 sys=0.00, real=0.01 secs] 
2020-10-28T19:09:43.386+0800: 0.357: [GC (Allocation Failure) 2020-10-28T19:09:43.386+0800: 0.357: [DefNew: 78655K->8699K(78656K), 0.0131825 secs] 180961K->134778K(253440K), 0.0132324 secs] [Times: user=0.00 sys=0.01, real=0.01 secs] 
2020-10-28T19:09:43.408+0800: 0.379: [GC (Allocation Failure) 2020-10-28T19:09:43.408+0800: 0.379: [DefNew: 78116K->8695K(78656K), 0.0141446 secs] 204195K->160938K(253440K), 0.0142011 secs] [Times: user=0.00 sys=0.02, real=0.01 secs] 
2020-10-28T19:09:43.432+0800: 0.404: [GC (Allocation Failure) 2020-10-28T19:09:43.432+0800: 0.404: [DefNew: 78647K->8703K(78656K), 0.0137161 secs]2020-10-28T19:09:43.446+0800: 0.417: [Tenured: 177514K->161845K(177676K), 0.0188486 secs] 230890K->161845K(256332K), [Metaspace: 2628K->2628K(1056768K)], 0.0329460 secs] [Times: user=0.02 sys=0.02, real=0.03 secs] 
2020-10-28T19:09:43.488+0800: 0.460: [GC (Allocation Failure) 2020-10-28T19:09:43.488+0800: 0.460: [DefNew: 108014K->13438K(121472K), 0.0144357 secs] 269859K->201182K(391216K), 0.0144961 secs] [Times: user=0.00 sys=0.02, real=0.02 secs] 
2020-10-28T19:09:43.517+0800: 0.488: [GC (Allocation Failure) 2020-10-28T19:09:43.517+0800: 0.488: [DefNew: 121470K->13439K(121472K), 0.0234550 secs] 309214K->234589K(391216K), 0.0235325 secs] [Times: user=0.00 sys=0.02, real=0.02 secs] 
2020-10-28T19:09:43.554+0800: 0.526: [GC (Allocation Failure) 2020-10-28T19:09:43.555+0800: 0.526: [DefNew: 121471K->13438K(121472K), 0.0203674 secs] 342621K->270831K(391216K), 0.0204182 secs] [Times: user=0.02 sys=0.00, real=0.02 secs] 
2020-10-28T19:09:43.589+0800: 0.560: [GC (Allocation Failure) 2020-10-28T19:09:43.589+0800: 0.560: [DefNew: 121470K->13439K(121472K), 0.0209461 secs]2020-10-28T19:09:43.610+0800: 0.581: [Tenured: 295216K->246892K(295324K), 0.0301992 secs] 378863K->246892K(416796K), [Metaspace: 2628K->2628K(1056768K)], 0.0515152 secs] [Times: user=0.05 sys=0.01, real=0.05 secs] 
2020-10-28T19:09:43.673+0800: 0.644: [GC (Allocation Failure) 2020-10-28T19:09:43.673+0800: 0.644: [DefNew: 164672K->20543K(185216K), 0.0148371 secs] 411564K->300578K(596704K), 0.0148873 secs] [Times: user=0.02 sys=0.00, real=0.01 secs] 
2020-10-28T19:09:43.713+0800: 0.685: [GC (Allocation Failure) 2020-10-28T19:09:43.714+0800: 0.685: [DefNew: 185215K->20539K(185216K), 0.0334685 secs] 465250K->355799K(596704K), 0.0335310 secs] [Times: user=0.01 sys=0.02, real=0.03 secs] 
2020-10-28T19:09:43.771+0800: 0.742: [GC (Allocation Failure) 2020-10-28T19:09:43.771+0800: 0.742: [DefNew: 184980K->20542K(185216K), 0.0294435 secs] 520240K->409275K(596704K), 0.0295147 secs] [Times: user=0.03 sys=0.00, real=0.03 secs] 
2020-10-28T19:09:43.823+0800: 0.794: [GC (Allocation Failure) 2020-10-28T19:09:43.823+0800: 0.794: [DefNew: 185214K->20542K(185216K), 0.0265158 secs]2020-10-28T19:09:43.849+0800: 0.820: [Tenured: 435847K->322991K(435944K), 0.0395066 secs] 573947K->322991K(621160K), [Metaspace: 2628K->2628K(1056768K)], 0.0663803 secs] [Times: user=0.05 sys=0.02, real=0.07 secs] 
2020-10-28T19:09:43.926+0800: 0.897: [GC (Allocation Failure) 2020-10-28T19:09:43.926+0800: 0.897: [DefNew: 215424K->26878K(242304K), 0.0202079 secs] 538415K->389331K(780624K), 0.0202608 secs] [Times: user=0.00 sys=0.01, real=0.02 secs] 
2020-10-28T19:09:43.975+0800: 0.947: [GC (Allocation Failure) 2020-10-28T19:09:43.975+0800: 0.947: [DefNew: 242302K->26876K(242304K), 0.0225873 secs] 604755K->459526K(780624K), 0.0226392 secs] [Times: user=0.02 sys=0.00, real=0.02 secs] 
2020-10-28T19:09:44.025+0800: 0.996: [GC (Allocation Failure) 2020-10-28T19:09:44.025+0800: 0.996: [DefNew: 242300K->26879K(242304K), 0.0340794 secs] 674950K->524260K(780624K), 0.0341364 secs] [Times: user=0.01 sys=0.02, real=0.03 secs] 
2020-10-28T19:09:44.092+0800: 1.064: [GC (Allocation Failure) 2020-10-28T19:09:44.092+0800: 1.064: [DefNew: 242303K->26879K(242304K), 0.0392452 secs]2020-10-28T19:09:44.132+0800: 1.103: [Tenured: 560473K->352575K(560648K), 0.0465302 secs] 739684K->352575K(802952K), [Metaspace: 2628K->2628K(1056768K)], 0.0860278 secs] [Times: user=0.08 sys=0.01, real=0.09 secs] 
Heap
 def new generation   total 264448K, used 9980K [0x00000006c1e00000, 0x00000006d3cf0000, 0x0000000716950000)
  eden space 235072K,   4% used [0x00000006c1e00000, 0x00000006c27bf310, 0x00000006d0390000)
  from space 29376K,   0% used [0x00000006d0390000, 0x00000006d0390000, 0x00000006d2040000)
  to   space 29376K,   0% used [0x00000006d2040000, 0x00000006d2040000, 0x00000006d3cf0000)
 tenured generation   total 587628K, used 352575K [0x0000000716950000, 0x000000073a72b000, 0x00000007c0000000)
   the space 587628K,  59% used [0x0000000716950000, 0x000000072c19fdf0, 0x000000072c19fe00, 0x000000073a72b000)
 Metaspace       used 2634K, capacity 4486K, committed 4864K, reserved 1056768K
  class space    used 291K, capacity 386K, committed 512K, reserved 1048576K
